2026-10-03 08:17:39,010 [INFO] Chưa có data → fetch 90 ngày: 2026-07-05 → 2026-10-02
2026-10-03 08:17:39,889 [INFO] VCB: ✓ 65 dòng
2026-10-03 08:17:40,210 [INFO] VIC: ✓ 65 dòng
2026-10-03 08:17:40,474 [INFO] VHM: ✓ 65 dòng
2026-10-03 08:17:40,737 [INFO] HPG: ✓ 65 dòng
2026-10-03 08:17:40,890 [INFO] TCB: ✓ 65 dòng
2026-10-03 08:17:41,058 [INFO] MBB: ✓ 65 dòng
2026-10-03 08:17:41,227 [INFO] VNM: ✓ 65 dòng
2026-10-03 08:17:41,402 [INFO] FPT: ✓ 65 dòng
2026-10-03 08:17:41,562 [INFO] MSN: ✓ 65 dòng
2026-10-03 08:17:41,729 [INFO] BID: ✓ 65 dòng
2026-10-03 08:17:41,729 [INFO] === Xong: 10/10 tickers | 650 dòng mới ===
2026-10-06 17:00:40,743 [INFO] Fetch từ 2026-10-03 → 2026-10-05
2026-10-06 17:00:41,107 [INFO] VCB: ✓ 1 dòng
2026-10-06 17:00:41,213 [INFO] VIC: ✓ 1 dòng
2026-10-06 17:00:41,309 [INFO] VHM: ✓ 1 dòng
2026-10-06 17:00:41,416 [INFO] HPG: ✓ 1 dòng
2026-10-06 17:00:41,501 [INFO] TCB: ✓ 1 dòng
2026-10-06 17:00:41,688 [INFO] MBB: ✓ 1 dòng
2026-10-06 17:00:42,012 [INFO] VNM: ✓ 1 dòng
2026-10-06 17:00:42,120 [INFO] FPT: ✓ 1 dòng
2026-10-06 17:00:42,245 [INFO] MSN: ✓ 1 dòng
2026-10-06 17:00:42,389 [INFO] BID: ✓ 1 dòng
2026-10-06 17:00:42,389 [INFO] === Xong: 10/10 tickers | 10 dòng mới ===
